// Jest Snapshot v1, https://goo.gl/fbAQLP

exports[`LoginStatus renders correctly 1`] = `
<WithStyles(ListItem)>
  <WithStyles(ListItemIcon)>
    <WithStyles(IconButton)
      aria-label="logout"
      id="logout"
      onClick={[MockFunction]}
    >
      <pure(PowerSettingsNewIcon) />
    </WithStyles(IconButton)>
  </WithStyles(ListItemIcon)>
  <WithStyles(ListItemText)
    primary="Greg"
  />
</WithStyles(ListItem)>
`;
