// Jest Snapshot v1, https://goo.gl/fbAQLP

exports[`Users renders correctly 1`] = `
<Fragment>
  <Connect(Component)
    onClose={[Function]}
    show={false}
  />
  <UserTable
    onClick={[Function]}
    users={
      Array [
        Immutable.UserN {
          "id": "mystupidid",
          "username": "simon",
          "children": undefined,
          "displayname": "Simon",
          "email": "email@emai.com",
          "birthday": "2100-01-01",
          "role": "student",
          "isAdmin": false,
          "childrenIds": Array [],
          "class": undefined,
          "language": undefined,
          "managerNotes": undefined,
          "subscribedToWeeklySummary": undefined,
        },
      ]
    }
  />
  <WithStyles(Fab)
    color="primary"
    onClick={[Function]}
  >
    <pure(AddIcon) />
  </WithStyles(Fab)>
</Fragment>
`;
